[www.ansonika.com/findoctor/index.html]
[backblue.gif]
[fade.gif]
[index.html]
[www.ansonika.com/findoctor/img/favicon.ico]
[www.ansonika.com/findoctor/img/apple-touch-icon-57x57-precomposed.png]
[www.ansonika.com/findoctor/img/apple-touch-icon-72x72-precomposed.png]
[www.ansonika.com/findoctor/img/apple-touch-icon-114x114-precomposed.png]
[www.ansonika.com/findoctor/img/apple-touch-icon-144x144-precomposed.png]
[www.ansonika.com/findoctor/css/bootstrap.min.css]
[www.ansonika.com/findoctor/css/style.css]
[www.ansonika.com/findoctor/css/menu.css]
[www.ansonika.com/findoctor/css/vendors.css]
[www.ansonika.com/findoctor/css/icon_fonts/css/all_icons_min.css]
[www.ansonika.com/findoctor/css/custom.css]
[www.ansonika.com/findoctor/login.html]
[www.ansonika.com/findoctor/register-doctor.html]
[www.ansonika.com/findoctor/index-2.html]
[www.ansonika.com/findoctor/index-3.html]
[www.ansonika.com/findoctor/index-4.html]
[www.ansonika.com/findoctor/index-7.html]
[www.ansonika.com/findoctor/index-6.html]
[www.ansonika.com/findoctor/index-5.html]
[www.ansonika.com/findoctor/list.html]
[www.ansonika.com/findoctor/grid-list.html]
[www.ansonika.com/findoctor/list-map.html]
[www.ansonika.com/findoctor/detail-page.html]
[www.ansonika.com/findoctor/detail-page-2.html]
[www.ansonika.com/findoctor/detail-page-3.html]
[www.ansonika.com/findoctor/detail-page-working-booking.html]
[www.ansonika.com/findoctor/submit-review.html]
[www.ansonika.com/findoctor/blog-1.html]
[www.ansonika.com/findoctor/badges.html]
[www.ansonika.com/findoctor/login-2.html]
[www.ansonika.com/findoctor/register-doctor-working.html]
[www.ansonika.com/findoctor/register.html]
[www.ansonika.com/findoctor/about.html]
[www.ansonika.com/findoctor/contacts.html]
[www.ansonika.com/findoctor/booking-page.html]
[www.ansonika.com/findoctor/confirm.html]
[www.ansonika.com/findoctor/faq.html]
[www.ansonika.com/findoctor/coming_soon/index.html]
[www.ansonika.com/findoctor/pricing-tables-3.html]
[www.ansonika.com/findoctor/pricing-tables.html]
[www.ansonika.com/findoctor/pricing-tables-2.html]
[www.ansonika.com/findoctor/icon-pack-1.html]
[www.ansonika.com/findoctor/icon-pack-2.html]
[www.ansonika.com/findoctor/icon-pack-3.html]
[www.ansonika.com/findoctor/404.html]
[www.ansonika.com/findoctor/menu_2/index.html]
[www.ansonika.com/findoctor/admin_section/index.html]
[www.ansonika.com/findoctor/img/doctor_1_carousel.jpg]
[www.ansonika.com/findoctor/img/doctor_2_carousel.jpg]
[www.ansonika.com/findoctor/img/doctor_3_carousel.jpg]
[www.ansonika.com/findoctor/img/doctor_4_carousel.jpg]
[www.ansonika.com/findoctor/img/doctor_5_carousel.jpg]
[www.ansonika.com/findoctor/img/app_img.svg]
[www.ansonika.com/findoctor/img/apple_app.png]
[www.ansonika.com/findoctor/img/google_play_app.png]
[www.ansonika.com/findoctor/img/logo.png]
[www.ansonika.com/findoctor/blog.html]
[www.ansonika.com/findoctor/index.html]
[www.ansonika.com/findoctor/css/bootstrap.min.css]
[www.ansonika.com/findoctor/js/functions.js]
[www.ansonika.com/findoctor/img/arrow_left.png]
[www.ansonika.com/findoctor/img/arrow_right.png]
[www.ansonika.com/findoctor/js/jquery-3.6.0.min.js]
[www.ansonika.com/findoctor/img/home_1_bg.jpg]
[www.ansonika.com/findoctor/img/hero_home_bg_1.svg]
[www.ansonika.com/findoctor/img/search.svg]
[www.ansonika.com/findoctor/img/icon-home-1.svg]
[www.ansonika.com/findoctor/img/icon-home-2.svg]
[www.ansonika.com/findoctor/img/icon-home-3.svg]
[www.ansonika.com/findoctor/img/arrow-gray-1.svg]
[www.ansonika.com/findoctor/img/hero_bg_1.svg]
[www.ansonika.com/findoctor/img/checkbox.png]
[www.ansonika.com/findoctor/img/stars.svg]
[www.ansonika.com/findoctor/css/style.css]
[www.ansonika.com/findoctor/css/menu.css]
[www.ansonika.com/findoctor/img/camera.svg]
[www.ansonika.com/findoctor/css/owl.video.play.png]
[www.ansonika.com/findoctor/css/src/datedropper.eot]
[www.ansonika.com/findoctor/css/src/datedropper.woff]
[www.ansonika.com/findoctor/css/src/datedropperd41d.eot]
[www.ansonika.com/findoctor/js/common_scripts.min.js]
[www.ansonika.com/findoctor/css/src/datedropper.ttf]
[www.ansonika.com/findoctor/css/vendors.css]
[www.ansonika.com/findoctor/css/src/datedropper.svg]
[www.ansonika.com/findoctor/css/icon_fonts/font/fontello4508.eot]
[www.ansonika.com/findoctor/css/icon_fonts/font/fontello4508.woff]
[www.ansonika.com/findoctor/css/icon_fonts/font/fontello4508.ttf]
[www.ansonika.com/findoctor/css/icon_fonts/font/fontello4508.svg]
[www.ansonika.com/findoctor/css/icon_fonts/font/Pe-icon-7-strokebb1d.eot]
[www.ansonika.com/findoctor/css/icon_fonts/font/Pe-icon-7-stroked41d.eot]
[www.ansonika.com/findoctor/css/icon_fonts/font/Pe-icon-7-strokebb1d.woff]
[www.ansonika.com/findoctor/css/icon_fonts/font/Pe-icon-7-strokebb1d.ttf]
[www.ansonika.com/findoctor/css/icon_fonts/font/ElegantIcons.eot]
[www.ansonika.com/findoctor/css/icon_fonts/font/Pe-icon-7-strokebb1d.svg]
[www.ansonika.com/findoctor/css/icon_fonts/font/ElegantIcons.woff]
[www.ansonika.com/findoctor/css/icon_fonts/font/ElegantIconsd41d.eot]
[www.ansonika.com/findoctor/css/icon_fonts/font/ElegantIcons.ttf]
[www.ansonika.com/findoctor/css/icon_fonts/css/all_icons_min.css]
[www.ansonika.com/findoctor/css/custom.css]
[www.ansonika.com/findoctor/login.html]
[www.ansonika.com/findoctor/register-doctor.html]
[www.ansonika.com/findoctor/css/icon_fonts/font/ElegantIcons.svg]
[www.ansonika.com/findoctor/js/modernizr.js]
[www.ansonika.com/findoctor/img/video_fix.png]
[www.ansonika.com/findoctor/img/icon_cat_1.svg]
[www.ansonika.com/findoctor/img/icon_cat_2.svg]
[www.ansonika.com/findoctor/img/icon_cat_3.svg]
[www.ansonika.com/findoctor/img/icon_cat_4.svg]
[www.ansonika.com/findoctor/img/icon_cat_7.svg]
[www.ansonika.com/findoctor/img/icon_cat_5.svg]
[www.ansonika.com/findoctor/img/icon_cat_6.svg]
[www.ansonika.com/findoctor/img/icon_cat_8.svg]
[www.ansonika.com/findoctor/index-2.html]
[www.ansonika.com/findoctor/js/video_header.js]
[www.ansonika.com/findoctor/img/doctor_listing_1.jpg]
[www.ansonika.com/findoctor/img/badges/badge_1.svg]
[www.ansonika.com/findoctor/img/doctor_listing_2.jpg]
[www.ansonika.com/findoctor/img/doctor_listing_3.jpg]
[www.ansonika.com/findoctor/img/badges/badge_2.svg]
[www.ansonika.com/findoctor/img/doctor_listing_4.jpg]
[www.ansonika.com/findoctor/img/badges/badge_6.svg]
[www.ansonika.com/findoctor/img/doctor_listing_5.jpg]
[www.ansonika.com/findoctor/img/doctor_listing_6.jpg]
[www.ansonika.com/findoctor/index-3.html]
[www.ansonika.com/findoctor/index-4.html]
[www.ansonika.com/findoctor/img/doctors_icon.svg]
[www.ansonika.com/findoctor/index-7.html]
[www.ansonika.com/findoctor/rev-slider-files/css/settings.css]
[www.ansonika.com/findoctor/rev-slider-files/assets/b9dee-42512210_ml.jpg]
[www.ansonika.com/findoctor/rev-slider-files/assets/4e36b-42512211_ml.jpg]
[www.ansonika.com/findoctor/rev-slider-files/assets/364e0-37885311_ml.jpg]
[via.placeholder.com/350x500.jpg]
[www.ansonika.com/findoctor/rev-slider-files/js/jquery.themepunch.tools.min.js]
[www.ansonika.com/findoctor/rev-slider-files/js/extensions/revolution.extension.actions.min.js]
[www.ansonika.com/findoctor/rev-slider-files/js/extensions/revolution.extension.carousel.min.js]
[www.ansonika.com/findoctor/rev-slider-files/js/extensions/revolution.extension.kenburn.min.js]
[www.ansonika.com/findoctor/rev-slider-files/js/jquery.themepunch.revolution.min.js]
[www.ansonika.com/findoctor/rev-slider-files/js/extensions/revolution.extension.migration.min.js]
[www.ansonika.com/findoctor/rev-slider-files/js/extensions/revolution.extension.layeranimation.min.js]
[www.ansonika.com/findoctor/rev-slider-files/js/extensions/revolution.extension.parallax.min.js]
[www.ansonika.com/findoctor/rev-slider-files/js/extensions/revolution.extension.navigation.min.js]
[www.ansonika.com/findoctor/rev-slider-files/js/extensions/revolution.extension.slideanims.min.js]
[www.ansonika.com/findoctor/index-6.html]
[www.ansonika.com/findoctor/rev-slider-files/js/extensions/revolution.extension.video.min.js]
[www.ansonika.com/findoctor/index-5.html]
[www.ansonika.com/findoctor/js/jquery.cookiebar.js]
[www.ansonika.com/findoctor/css/date_picker.css]
[www.ansonika.com/findoctor/img/badges/badge_3.svg]
[www.ansonika.com/findoctor/img/badges/badge_4.svg]
[www.ansonika.com/findoctor/list.html]
[www.ansonika.com/findoctor/grid-list.html]
[www.ansonika.com/findoctor/js/map_listing.js]
[www.ansonika.com/findoctor/assets/validate.js]
[www.ansonika.com/findoctor/js/jquery-2.2.4.min.js]
[www.ansonika.com/findoctor/list-map.html]
[www.ansonika.com/findoctor/js/jquery.selectbox-0.2.js]
[www.ansonika.com/findoctor/img/avatar1.jpg]
[www.ansonika.com/findoctor/img/avatar2.jpg]
[www.ansonika.com/findoctor/img/avatar3.jpg]
[www.ansonika.com/findoctor/detail-page.html]
[www.ansonika.com/findoctor/detail-page-2.html]
[www.ansonika.com/findoctor/detail-page-3.html]
[www.ansonika.com/findoctor/detail-page-working-booking.html]
[www.ansonika.com/findoctor/submit-review.html]
[www.ansonika.com/findoctor/js/bootstrap-datepicker.js]
[www.ansonika.com/findoctor/css/blog.css]
[www.ansonika.com/findoctor/blog-post.html]
[www.ansonika.com/findoctor/img/blog-1.jpg]
[www.ansonika.com/findoctor/img/thumb_blog.jpg]
[www.ansonika.com/findoctor/img/blog-2.jpg]
[www.ansonika.com/findoctor/img/blog-3.jpg]
[www.ansonika.com/findoctor/img/blog-4.jpg]
[www.ansonika.com/findoctor/img/blog-5.jpg]
[www.ansonika.com/findoctor/blog-1.html]
[www.ansonika.com/findoctor/badges.html]
[www.ansonika.com/findoctor/login-2.html]
[www.ansonika.com/findoctor/register-doctor-working.html]
[www.ansonika.com/findoctor/img/badges/badge_5.svg]
[www.ansonika.com/findoctor/register.html]
[www.ansonika.com/findoctor/img/about_1.jpg]
[www.ansonika.com/findoctor/img/1_carousel.jpg]
[www.ansonika.com/findoctor/img/3_carousel.jpg]
[www.ansonika.com/findoctor/img/5_carousel.jpg]
[www.ansonika.com/findoctor/img/avatar.jpg]
[www.ansonika.com/findoctor/about.html]
[www.ansonika.com/findoctor/js/mapmarker.jquery.js]
[www.ansonika.com/findoctor/contacts.html]
[www.ansonika.com/findoctor/js/mapmarker_contacts_func.js]
[www.ansonika.com/findoctor/img/payments.png]
[www.ansonika.com/findoctor/img/icon_ccv.gif]
[www.ansonika.com/findoctor/img/paypal_bt.png]
[www.ansonika.com/findoctor/booking-page.html]
[www.ansonika.com/findoctor/confirm.html]
[www.ansonika.com/findoctor/faq.html]
[www.ansonika.com/findoctor/coming_soon/img/favicon.ico]
[www.ansonika.com/findoctor/coming_soon/img/apple-touch-icon-57x57-precomposed.png]
[www.ansonika.com/findoctor/coming_soon/img/apple-touch-icon-72x72-precomposed.png]
[www.ansonika.com/findoctor/coming_soon/img/apple-touch-icon-114x114-precomposed.png]
[www.ansonika.com/findoctor/coming_soon/img/apple-touch-icon-144x144-precomposed.png]
[www.ansonika.com/findoctor/coming_soon/css/bootstrap.min.css]
[www.ansonika.com/findoctor/coming_soon/css/style.css]
[www.ansonika.com/findoctor/coming_soon/fontello/css/fontello.css]
[www.ansonika.com/findoctor/coming_soon/fontello/css/animation.css]
[www.ansonika.com/findoctor/coming_soon/img/logo.png]
[www.ansonika.com/findoctor/coming_soon/img/slide_1.jpg]
[www.ansonika.com/findoctor/coming_soon/img/slide_2.jpg]
[www.ansonika.com/findoctor/coming_soon/js/jquery.easing.1.3.min.js]
[www.ansonika.com/findoctor/coming_soon/js/jquery.animate-enhanced.min.js]
[www.ansonika.com/findoctor/coming_soon/js/jquery.superslides.min.js]
[www.ansonika.com/findoctor/coming_soon/js/jquery-2.2.4.min.js]
[www.ansonika.com/findoctor/coming_soon/js/functions.js]
[www.ansonika.com/findoctor/coming_soon/index.html]
[www.ansonika.com/findoctor/pricing-tables-3.html]
[www.ansonika.com/findoctor/js/tabs.js]
[www.ansonika.com/findoctor/css/tables.css]
[www.ansonika.com/findoctor/js/tables_func.js]
[www.ansonika.com/findoctor/pricing-tables.html]
[www.ansonika.com/findoctor/js/modernizr_tables.js]
[www.ansonika.com/findoctor/pricing-tables-2.html]
[www.ansonika.com/findoctor/js/tables_func_2.js]
[www.ansonika.com/findoctor/icon-pack-1.html]
[www.ansonika.com/findoctor/icon-pack-2.html]
[www.ansonika.com/findoctor/icon-pack-3.html]
[www.ansonika.com/findoctor/404.html]
[www.ansonika.com/findoctor/menu_2/img/favicon.ico]
[www.ansonika.com/findoctor/menu_2/img/apple-touch-icon-72x72-precomposed.png]
[www.ansonika.com/findoctor/menu_2/img/apple-touch-icon-114x114-precomposed.png]
[www.ansonika.com/findoctor/menu_2/img/apple-touch-icon-144x144-precomposed.png]
[www.ansonika.com/findoctor/menu_2/css/bootstrap.min.css]
[www.ansonika.com/findoctor/menu_2/css/style.css]
[www.ansonika.com/findoctor/menu_2/css/menu.css]
[www.ansonika.com/findoctor/menu_2/css/vendors.css]
[www.ansonika.com/findoctor/menu_2/css/icon_fonts/css/all_icons_min.css]
[www.ansonika.com/findoctor/menu_2/css/custom.css]
[www.ansonika.com/findoctor/menu_2/login.html]
[www.ansonika.com/findoctor/menu_2/register-doctor.html]
[www.ansonika.com/findoctor/menu_2/index-2.html]
[www.ansonika.com/findoctor/menu_2/index-3.html]
[www.ansonika.com/findoctor/menu_2/index-4.html]
[www.ansonika.com/findoctor/menu_2/index-7.html]
[www.ansonika.com/findoctor/menu_2/index-6.html]
[www.ansonika.com/findoctor/menu_2/index-5.html]
[www.ansonika.com/findoctor/menu_2/list.html]
[www.ansonika.com/findoctor/menu_2/grid-list.html]
[www.ansonika.com/findoctor/menu_2/list-map.html]
[www.ansonika.com/findoctor/menu_2/detail-page.html]
[www.ansonika.com/findoctor/menu_2/detail-page-2.html]
[www.ansonika.com/findoctor/menu_2/detail-page-3.html]
[www.ansonika.com/findoctor/menu_2/detail-page-working-booking.html]
[www.ansonika.com/findoctor/menu_2/submit-review.html]
[www.ansonika.com/findoctor/menu_2/blog-1.html]
[www.ansonika.com/findoctor/menu_2/badges.html]
[www.ansonika.com/findoctor/menu_2/login-2.html]
[www.ansonika.com/findoctor/menu_2/about.html]
[www.ansonika.com/findoctor/menu_2/contacts.html]
[www.ansonika.com/findoctor/menu_2/booking-page.html]
[www.ansonika.com/findoctor/menu_2/confirm.html]
[www.ansonika.com/findoctor/menu_2/faq.html]
[www.ansonika.com/findoctor/menu_2/coming_soon/index.html]
[www.ansonika.com/findoctor/menu_2/pricing-tables-3.html]
[www.ansonika.com/findoctor/menu_2/pricing-tables.html]
[www.ansonika.com/findoctor/menu_2/pricing-tables-2.html]
[www.ansonika.com/findoctor/menu_2/register-doctor-working.html]
[www.ansonika.com/findoctor/menu_2/icon-pack-1.html]
[www.ansonika.com/findoctor/menu_2/icon-pack-2.html]
[www.ansonika.com/findoctor/menu_2/icon-pack-3.html]
[www.ansonika.com/findoctor/menu_2/404.html]
[www.ansonika.com/findoctor/menu_2/img/doctor_1_carousel.jpg]
[www.ansonika.com/findoctor/menu_2/img/doctor_2_carousel.jpg]
[www.ansonika.com/findoctor/menu_2/img/doctor_3_carousel.jpg]
[www.ansonika.com/findoctor/menu_2/img/doctor_4_carousel.jpg]
[www.ansonika.com/findoctor/menu_2/img/doctor_5_carousel.jpg]
[www.ansonika.com/findoctor/menu_2/img/app_img.svg]
[www.ansonika.com/findoctor/menu_2/img/apple_app.png]
[www.ansonika.com/findoctor/menu_2/img/google_play_app.png]
[www.ansonika.com/findoctor/menu_2/img/logo.png]
[www.ansonika.com/findoctor/menu_2/blog.html]
[www.ansonika.com/findoctor/menu_2/index.html]
[www.ansonika.com/findoctor/menu_2/js/functions.js]
[www.ansonika.com/findoctor/admin_section/img/favicon.ico]
[www.ansonika.com/findoctor/menu_2/js/jquery-3.6.0.min.js]
[www.ansonika.com/findoctor/admin_section/img/apple-touch-icon-57x57-precomposed.png]
[www.ansonika.com/findoctor/admin_section/img/apple-touch-icon-72x72-precomposed.png]
[www.ansonika.com/findoctor/admin_section/img/apple-touch-icon-114x114-precomposed.png]
[www.ansonika.com/findoctor/admin_section/img/apple-touch-icon-144x144-precomposed.png]
[www.ansonika.com/findoctor/admin_section/vendor/bootstrap/css/bootstrap.min.css]
[www.ansonika.com/findoctor/admin_section/vendor/font-awesome/css/font-awesome.min.css]
[www.ansonika.com/findoctor/admin_section/vendor/datatables/dataTables.bootstrap4.css]
[www.ansonika.com/findoctor/admin_section/css/admin.css]
[www.ansonika.com/findoctor/admin_section/img/logo.png]
[www.ansonika.com/findoctor/menu_2/js/common_scripts.min.js]
[www.ansonika.com/findoctor/admin_section/messages.html]
[www.ansonika.com/findoctor/admin_section/bookings.html]
[www.ansonika.com/findoctor/admin_section/reviews.html]
[www.ansonika.com/findoctor/admin_section/bookmarks.html]
[www.ansonika.com/findoctor/admin_section/add-listing.html]
[www.ansonika.com/findoctor/admin_section/user-profile.html]
[www.ansonika.com/findoctor/admin_section/doctor-profile.html]
[www.ansonika.com/findoctor/admin_section/charts.html]
[www.ansonika.com/findoctor/admin_section/tables.html]
[www.ansonika.com/findoctor/admin_section/login.html]
[www.ansonika.com/findoctor/admin_section/vendor/jquery-easing/jquery.easing.min.js]
[www.ansonika.com/findoctor/admin_section/vendor/jquery/jquery.min.js]
[www.ansonika.com/findoctor/admin_section/vendor/datatables/dataTables.bootstrap4.js]
[www.ansonika.com/findoctor/admin_section/vendor/bootstrap/js/bootstrap.bundle.min.js]
[www.ansonika.com/findoctor/admin_section/vendor/jquery.selectbox-0.2.js]
[www.ansonika.com/findoctor/admin_section/vendor/retina-replace.min.js]
[www.ansonika.com/findoctor/admin_section/js/admin.js]
[www.ansonika.com/findoctor/admin_section/vendor/jquery.magnific-popup.min.js]
[www.ansonika.com/findoctor/admin_section/index.html]
[www.ansonika.com/findoctor/img/app_img.svg]
[www.ansonika.com/findoctor/blog.html]
[www.ansonika.com/findoctor/img/hero_home_bg_1.svg]
[www.ansonika.com/findoctor/img/search.svg]
[www.ansonika.com/findoctor/admin_section/js/admin-charts.js]
[www.ansonika.com/findoctor/img/24.323]
[www.ansonika.com/findoctor/img/icon-home-1.svg]
[www.ansonika.com/findoctor/img/icon-home-2.svg]
[www.ansonika.com/findoctor/img/icon-home-3.svg]
[www.ansonika.com/findoctor/img/arrow-gray-1.svg]
[www.ansonika.com/findoctor/img/hero_bg_1.svg]
[www.ansonika.com/findoctor/img/stars.svg]
[www.ansonika.com/findoctor/img/camera.svg]
[www.ansonika.com/findoctor/css/src/datedropper.svg]
[www.ansonika.com/findoctor/css/icon_fonts/font/fontello4508.svg]
[www.ansonika.com/findoctor/css/icon_fonts/font/Pe-icon-7-strokebb1d.svg]
[www.ansonika.com/findoctor/css/icon_fonts/font/ElegantIcons.svg]
[www.ansonika.com/findoctor/img/icon_cat_1.svg]
[www.ansonika.com/findoctor/img/icon_cat_2.svg]
[www.ansonika.com/findoctor/img/icon_cat_3.svg]
[www.ansonika.com/findoctor/img/icon_cat_4.svg]
[www.ansonika.com/findoctor/img/icon_cat_7.svg]
[www.ansonika.com/findoctor/img/icon_cat_5.svg]
[www.ansonika.com/findoctor/img/icon_cat_6.svg]
[www.ansonika.com/findoctor/img/icon_cat_8.svg]
[www.ansonika.com/findoctor/img/badges/badge_1.svg]
[www.ansonika.com/findoctor/img/badges/badge_2.svg]
[www.ansonika.com/findoctor/img/badges/badge_6.svg]
[www.ansonika.com/findoctor/img/doctors_icon.svg]
[www.ansonika.com/findoctor/img/patient_icon.svg]
[www.ansonika.com/findoctor/js/markerclusterer.js]
[www.ansonika.com/findoctor/admin_section/vendor/chart.js/Chart.js]
[www.ansonika.com/findoctor/js/map_home.js]
[www.ansonika.com/findoctor/rev-slider-files/fonts/revicons/revicons90c6.eot]
[www.ansonika.com/findoctor/rev-slider-files/fonts/revicons/revicons90c6.woff]
[www.ansonika.com/findoctor/js/infobox.js]
[www.ansonika.com/findoctor/rev-slider-files/fonts/revicons/revicons90c6.ttf]
[www.ansonika.com/findoctor/admin_section/vendor/datatables/jquery.dataTables.js]
[www.ansonika.com/findoctor/rev-slider-files/fonts/revicons/revicons90c6.svg]
[www.ansonika.com/findoctor/rev-slider-files/css/openhand.cur]
[www.ansonika.com/findoctor/rev-slider-files/css/closedhand.cur]
[www.ansonika.com/findoctor/rev-slider-files/assets/gridtile.png]
[www.ansonika.com/findoctor/rev-slider-files/assets/gridtile_white.png]
[www.ansonika.com/findoctor/rev-slider-files/assets/gridtile_3x3.png]
[www.ansonika.com/findoctor/rev-slider-files/assets/gridtile_3x3_white.png]
[www.ansonika.com/findoctor/rev-slider-files/assets/coloredbg.png]
[www.ansonika.com/findoctor/rev-slider-files/assets/loader.gif]
[www.ansonika.com/findoctor/rev-slider-files/css/settings.css]
[www.ansonika.com/findoctor/css/date_picker.css]
[www.ansonika.com/findoctor/img/badges/badge_3.svg]
[www.ansonika.com/findoctor/img/badges/badge_4.svg]
[www.ansonika.com/findoctor/css/blog.css]
[www.ansonika.com/findoctor/img/blog-single.jpg]
[www.ansonika.com/findoctor/blog-post.html]
[www.ansonika.com/findoctor/img/badges/badge_5.svg]
[www.ansonika.com/findoctor/img/blog-6.jpg]
[www.ansonika.com/findoctor/img/2_carousel.jpg]
[www.ansonika.com/findoctor/js/pw_strenght.js]
[www.ansonika.com/findoctor/img/4_carousel.jpg]
[www.ansonika.com/findoctor/coming_soon/fonts/glyphicons-halflings-regular.eot]
[www.ansonika.com/findoctor/coming_soon/fonts/glyphicons-halflings-regulard41d.eot]
[www.ansonika.com/findoctor/coming_soon/fonts/glyphicons-halflings-regular.woff2]
[www.ansonika.com/findoctor/coming_soon/fonts/glyphicons-halflings-regular.woff]
[www.ansonika.com/findoctor/coming_soon/fonts/glyphicons-halflings-regular.ttf]
[www.ansonika.com/findoctor/coming_soon/fonts/glyphicons-halflings-regular.svg]
[www.ansonika.com/findoctor/coming_soon/css/bootstrap.min.css]
[www.ansonika.com/findoctor/coming_soon/css/style.css]
[www.ansonika.com/findoctor/coming_soon/fontello/font/fontello4508.eot]
[www.ansonika.com/findoctor/coming_soon/fontello/font/fontello4508.woff]
[www.ansonika.com/findoctor/coming_soon/fontello/font/fontello4508.ttf]
[www.ansonika.com/findoctor/coming_soon/fontello/font/fontello4508.svg]
[www.ansonika.com/findoctor/coming_soon/fontello/css/fontello.css]
[www.ansonika.com/findoctor/coming_soon/fontello/css/animation.css]
[www.ansonika.com/findoctor/coming_soon/js/retina.min.js]
[www.ansonika.com/findoctor/coming_soon/assets/validate.js]
[www.ansonika.com/findoctor/img/small-arrow.svg]
[www.ansonika.com/findoctor/css/tables.css]
[www.ansonika.com/findoctor/menu_2/img/apple-touch-icon-57x57-precomposed.png]
[www.ansonika.com/findoctor/menu_2/css/bootstrap.min.css]
[www.ansonika.com/findoctor/menu_2/img/arrow_left.png]
[www.ansonika.com/findoctor/menu_2/img/arrow_right.png]
[www.ansonika.com/findoctor/menu_2/img/hero_home_bg_1.svg]
[www.ansonika.com/findoctor/menu_2/img/home_1_bg.jpg]
[www.ansonika.com/findoctor/menu_2/img/search.svg]
[www.ansonika.com/findoctor/menu_2/img/icon-home-1.svg]
[www.ansonika.com/findoctor/menu_2/img/icon-home-2.svg]
[www.ansonika.com/findoctor/menu_2/img/icon-home-3.svg]
[www.ansonika.com/findoctor/menu_2/img/arrow-gray-1.svg]
[www.ansonika.com/findoctor/menu_2/img/hero_bg_1.svg]
[www.ansonika.com/findoctor/menu_2/img/checkbox.png]
[www.ansonika.com/findoctor/menu_2/img/stars.svg]
[www.ansonika.com/findoctor/menu_2/img/camera.svg]
[www.ansonika.com/findoctor/menu_2/css/style.css]
[www.ansonika.com/findoctor/menu_2/css/menu.css]
[www.ansonika.com/findoctor/menu_2/css/owl.video.play.png]
[www.ansonika.com/findoctor/menu_2/css/src/datedropper.eot]
[www.ansonika.com/findoctor/menu_2/css/src/datedropperd41d.eot]
[www.ansonika.com/findoctor/menu_2/css/src/datedropper.woff]
[www.ansonika.com/findoctor/menu_2/css/src/datedropper.ttf]
[www.ansonika.com/findoctor/menu_2/css/vendors.css]
[www.ansonika.com/findoctor/menu_2/css/src/datedropper.svg]
[www.ansonika.com/findoctor/menu_2/css/icon_fonts/font/fontello4508.eot]
[www.ansonika.com/findoctor/menu_2/css/icon_fonts/font/fontello4508.woff]
[www.ansonika.com/findoctor/menu_2/css/icon_fonts/css/all_icons_min.css]
[www.ansonika.com/findoctor/menu_2/css/custom.css]
[www.ansonika.com/findoctor/menu_2/login.html]
[www.ansonika.com/findoctor/menu_2/register-doctor.html]
[www.ansonika.com/findoctor/menu_2/index-2.html]
[www.ansonika.com/findoctor/menu_2/index-3.html]
[www.ansonika.com/findoctor/menu_2/index-4.html]
[www.ansonika.com/findoctor/menu_2/index-7.html]
[www.ansonika.com/findoctor/menu_2/index-6.html]
[www.ansonika.com/findoctor/menu_2/index-5.html]
[www.ansonika.com/findoctor/menu_2/list.html]
[www.ansonika.com/findoctor/menu_2/grid-list.html]
[www.ansonika.com/findoctor/menu_2/list-map.html]
[www.ansonika.com/findoctor/menu_2/detail-page.html]
[www.ansonika.com/findoctor/menu_2/detail-page-2.html]
[www.ansonika.com/findoctor/menu_2/detail-page-3.html]
[www.ansonika.com/findoctor/menu_2/detail-page-working-booking.html]
[www.ansonika.com/findoctor/menu_2/submit-review.html]
[www.ansonika.com/findoctor/menu_2/blog-1.html]
[www.ansonika.com/findoctor/menu_2/badges.html]
[www.ansonika.com/findoctor/menu_2/login-2.html]
[www.ansonika.com/findoctor/menu_2/about.html]
[www.ansonika.com/findoctor/menu_2/contacts.html]
[www.ansonika.com/findoctor/menu_2/booking-page.html]
[www.ansonika.com/findoctor/menu_2/confirm.html]
[www.ansonika.com/findoctor/menu_2/faq.html]
[www.ansonika.com/findoctor/menu_2/coming_soon/index.html]
[www.ansonika.com/findoctor/menu_2/pricing-tables-3.html]
[www.ansonika.com/findoctor/menu_2/pricing-tables.html]
[www.ansonika.com/findoctor/menu_2/pricing-tables-2.html]
[www.ansonika.com/findoctor/menu_2/register-doctor-working.html]
[www.ansonika.com/findoctor/menu_2/icon-pack-1.html]
[www.ansonika.com/findoctor/menu_2/icon-pack-2.html]
[www.ansonika.com/findoctor/menu_2/icon-pack-3.html]
[www.ansonika.com/findoctor/menu_2/404.html]
[www.ansonika.com/findoctor/menu_2/img/app_img.svg]
[www.ansonika.com/findoctor/menu_2/blog.html]
[www.ansonika.com/findoctor/admin_section/vendor/bootstrap/css/bootstrap.min.css]
[www.ansonika.com/findoctor/admin_section/vendor/font-awesome/css/font-awesome.min.css]
[www.ansonika.com/findoctor/admin_section/vendor/datatables/dataTables.bootstrap4.css]
[www.ansonika.com/findoctor/admin_section/css/admin.css]
[www.ansonika.com/findoctor/admin_section/messages.html]
[www.ansonika.com/findoctor/admin_section/bookings.html]
[www.ansonika.com/findoctor/admin_section/reviews.html]
[www.ansonika.com/findoctor/admin_section/bookmarks.html]
[www.ansonika.com/findoctor/admin_section/add-listing.html]
[www.ansonika.com/findoctor/admin_section/user-profile.html]
[www.ansonika.com/findoctor/admin_section/doctor-profile.html]
[www.ansonika.com/findoctor/admin_section/charts.html]
[www.ansonika.com/findoctor/admin_section/tables.html]
[www.ansonika.com/findoctor/admin_section/login.html]
[www.ansonika.com/findoctor/img/24.html]
[www.ansonika.com/findoctor/img/patient_icon.svg]
[www.ansonika.com/findoctor/rev-slider-files/fonts/revicons/revicons90c6.svg]
[www.ansonika.com/findoctor/rev-slider-files/css/openhand.html]
[www.ansonika.com/findoctor/rev-slider-files/css/closedhand.html]
[www.ansonika.com/findoctor/rev-slider-files/assets/gridtile.html]
[www.ansonika.com/findoctor/rev-slider-files/assets/gridtile_white.html]
[www.ansonika.com/findoctor/rev-slider-files/assets/gridtile_3x3.html]
[www.ansonika.com/findoctor/rev-slider-files/assets/gridtile_3x3_white.html]
[www.ansonika.com/findoctor/rev-slider-files/assets/coloredbg.html]
[www.ansonika.com/findoctor/coming_soon/fonts/glyphicons-halflings-regular.html]
[www.ansonika.com/findoctor/coming_soon/fonts/glyphicons-halflings-regulard41d.html]
[www.ansonika.com/findoctor/coming_soon/fonts/glyphicons-halflings-regular-2.html]
[www.ansonika.com/findoctor/coming_soon/fonts/glyphicons-halflings-regular-3.html]
[www.ansonika.com/findoctor/coming_soon/fonts/glyphicons-halflings-regular-4.html]
[www.ansonika.com/findoctor/coming_soon/fonts/glyphicons-halflings-regular-5.html]
[www.ansonika.com/findoctor/coming_soon/fontello/font/fontello4508.svg]
[www.ansonika.com/findoctor/img/small-arrow.svg]
[www.ansonika.com/findoctor/menu_2/img/hero_home_bg_1.svg]
[www.ansonika.com/findoctor/menu_2/img/search.svg]
[www.ansonika.com/findoctor/menu_2/img/icon-home-1.svg]
[www.ansonika.com/findoctor/menu_2/img/icon-home-2.svg]
[www.ansonika.com/findoctor/menu_2/img/icon-home-3.svg]
[www.ansonika.com/findoctor/menu_2/img/arrow-gray-1.svg]
[www.ansonika.com/findoctor/menu_2/img/hero_bg_1.svg]
[www.ansonika.com/findoctor/menu_2/img/stars.svg]
[www.ansonika.com/findoctor/menu_2/img/camera.svg]
[www.ansonika.com/findoctor/menu_2/css/src/datedropper.svg]
[www.ansonika.com/findoctor/menu_2/css/icon_fonts/font/fontello4508.html]
[www.ansonika.com/findoctor/menu_2/register.html]
